Archive member included because of file (symbol)

c:/winavr-20090313/bin/../lib/gcc/avr/4.3.2/avr5\libgcc.a(_exit.o)
                              c:/winavr-20090313/bin/../lib/gcc/avr/4.3.2/../../../../avr/lib/avr5/crtm16.o (exit)
c:/winavr-20090313/bin/../lib/gcc/avr/4.3.2/avr5\libgcc.a(_copy_data.o)
                              regulator.o (__do_copy_data)
c:/winavr-20090313/bin/../lib/gcc/avr/4.3.2/avr5\libgcc.a(_clear_bss.o)
                              regulator.o (__do_clear_bss)

Allocating common symbols
Common symbol       size              file

trim                0x2               motor_styrning.o
speed_right         0x2               motor_styrning.o
speed_left          0x2               motor_styrning.o
kommando            0x1               styr_tolka_data.o
done_with_special_command
                    0x2               styr_tolka_data.o
dist_right_front    0x1               styr_tolka_data.o
auto_mode           0x2               regulator.o
data                0x1               regulator.o
dist_left_back      0x1               styr_tolka_data.o
count               0x1               styr_tolka_data.o
header              0x1               regulator.o
start               0x1               styr_main.o
dist_left_front     0x1               styr_tolka_data.o

Memory Configuration

Name             Origin             Length             Attributes
text             0x00000000         0x00020000         xr
data             0x00800060         0x0000ffa0         rw !x
eeprom           0x00810000         0x00010000         rw !x
fuse             0x00820000         0x00000400         rw !x
lock             0x00830000         0x00000400         rw !x
signature        0x00840000         0x00000400         rw !x
*default*        0x00000000         0xffffffff

Linker script and memory map

LOAD c:/winavr-20090313/bin/../lib/gcc/avr/4.3.2/../../../../avr/lib/avr5/crtm16.o
LOAD regulator.o
LOAD styr_main.o
LOAD styr_specialkommando.o
LOAD styr_SPI.o
LOAD styr_tolka_data.o
LOAD motor_styrning.o
LOAD c:/winavr-20090313/bin/../lib/gcc/avr/4.3.2/avr5\libgcc.a
LOAD c:/winavr-20090313/bin/../lib/gcc/avr/4.3.2/../../../../avr/lib/avr5\libc.a
LOAD c:/winavr-20090313/bin/../lib/gcc/avr/4.3.2/avr5\libgcc.a

.hash
 *(.hash)

.dynsym
 *(.dynsym)

.dynstr
 *(.dynstr)

.gnu.version
 *(.gnu.version)

.gnu.version_d
 *(.gnu.version_d)

.gnu.version_r
 *(.gnu.version_r)

.rel.init
 *(.rel.init)

.rela.init
 *(.rela.init)

.rel.text
 *(.rel.text)
 *(.rel.text.*)
 *(.rel.gnu.linkonce.t*)

.rela.text
 *(.rela.text)
 *(.rela.text.*)
 *(.rela.gnu.linkonce.t*)

.rel.fini
 *(.rel.fini)

.rela.fini
 *(.rela.fini)

.rel.rodata
 *(.rel.rodata)
 *(.rel.rodata.*)
 *(.rel.gnu.linkonce.r*)

.rela.rodata
 *(.rela.rodata)
 *(.rela.rodata.*)
 *(.rela.gnu.linkonce.r*)

.rel.data
 *(.rel.data)
 *(.rel.data.*)
 *(.rel.gnu.linkonce.d*)

.rela.data
 *(.rela.data)
 *(.rela.data.*)
 *(.rela.gnu.linkonce.d*)

.rel.ctors
 *(.rel.ctors)

.rela.ctors
 *(.rela.ctors)

.rel.dtors
 *(.rel.dtors)

.rela.dtors
 *(.rela.dtors)

.rel.got
 *(.rel.got)

.rela.got
 *(.rela.got)

.rel.bss
 *(.rel.bss)

.rela.bss
 *(.rela.bss)

.rel.plt
 *(.rel.plt)

.rela.plt
 *(.rela.plt)

.text           0x00000000      0x6ee
 *(.vectors)
 .vectors       0x00000000       0x54 c:/winavr-20090313/bin/../lib/gcc/avr/4.3.2/../../../../avr/lib/avr5/crtm16.o
                0x00000000                __vectors
                0x00000000                __vector_default
 *(.vectors)
 *(.progmem.gcc*)
 *(.progmem*)
                0x00000054                . = ALIGN (0x2)
                0x00000054                __trampolines_start = .
 *(.trampolines)
 .trampolines   0x00000054        0x0 linker stubs
 *(.trampolines*)
                0x00000054                __trampolines_end = .
 *(.jumptables)
 *(.jumptables*)
 *(.lowtext)
 *(.lowtext*)
                0x00000054                __ctors_start = .
 *(.ctors)
                0x00000054                __ctors_end = .
                0x00000054                __dtors_start = .
 *(.dtors)
                0x00000054                __dtors_end = .
 SORT(*)(.ctors)
 SORT(*)(.dtors)
 *(.init0)
 .init0         0x00000054        0x0 c:/winavr-20090313/bin/../lib/gcc/avr/4.3.2/../../../../avr/lib/avr5/crtm16.o
                0x00000054                __init
 *(.init0)
 *(.init1)
 *(.init1)
 *(.init2)
 .init2         0x00000054        0xc c:/winavr-20090313/bin/../lib/gcc/avr/4.3.2/../../../../avr/lib/avr5/crtm16.o
 *(.init2)
 *(.init3)
 *(.init3)
 *(.init4)
 .init4         0x00000060       0x16 c:/winavr-20090313/bin/../lib/gcc/avr/4.3.2/avr5\libgcc.a(_copy_data.o)
                0x00000060                __do_copy_data
 .init4         0x00000076       0x10 c:/winavr-20090313/bin/../lib/gcc/avr/4.3.2/avr5\libgcc.a(_clear_bss.o)
                0x00000076                __do_clear_bss
 *(.init4)
 *(.init5)
 *(.init5)
 *(.init6)
 *(.init6)
 *(.init7)
 *(.init7)
 *(.init8)
 *(.init8)
 *(.init9)
 .init9         0x00000086        0x8 c:/winavr-20090313/bin/../lib/gcc/avr/4.3.2/../../../../avr/lib/avr5/crtm16.o
 *(.init9)
 *(.text)
 .text          0x0000008e        0x4 c:/winavr-20090313/bin/../lib/gcc/avr/4.3.2/../../../../avr/lib/avr5/crtm16.o
                0x0000008e                __vector_12
                0x0000008e                __bad_interrupt
                0x0000008e                __vector_6
                0x0000008e                __vector_3
                0x0000008e                __vector_11
                0x0000008e                __vector_13
                0x0000008e                __vector_17
                0x0000008e                __vector_19
                0x0000008e                __vector_7
                0x0000008e                __vector_5
                0x0000008e                __vector_4
                0x0000008e                __vector_9
                0x0000008e                __vector_15
                0x0000008e                __vector_8
                0x0000008e                __vector_14
                0x0000008e                __vector_16
                0x0000008e                __vector_18
                0x0000008e                __vector_20
 .text          0x00000092       0xfe regulator.o
                0x00000092                distance_regulator
                0x000000e2                line_regulator
                0x00000178                drive_engines
 .text          0x00000190       0x66 styr_main.o
                0x00000190                main
 .text          0x000001f6      0x146 styr_specialkommando.o
                0x00000240                straight
                0x000002aa                specialkommando
                0x000001f6                special_help
 .text          0x0000033c      0x102 styr_SPI.o
                0x00000390                __vector_1
                0x0000035a                req_sending
                0x00000364                decide_mode
                0x0000033c                __vector_2
                0x000003d8                __vector_10
 .text          0x0000043e      0x140 styr_tolka_data.o
                0x0000043e                tolka_data
 .text          0x0000057e      0x16c motor_styrning.o
                0x00000652                back
                0x000006b8                forward_left
                0x000005d6                trim_zero
                0x000005bc                trim_right
                0x0000069e                forward_right
                0x00000686                rotate_left
                0x00000640                set_speed_left
                0x000006d2                forward
                0x0000057e                init
                0x0000066e                rotate_right
                0x0000062e                set_speed_right
                0x000005e0                set_speed
                0x0000059a                stop
                0x000005a0                trim_left
 .text          0x000006ea        0x0 c:/winavr-20090313/bin/../lib/gcc/avr/4.3.2/avr5\libgcc.a(_exit.o)
 .text          0x000006ea        0x0 c:/winavr-20090313/bin/../lib/gcc/avr/4.3.2/avr5\libgcc.a(_copy_data.o)
 .text          0x000006ea        0x0 c:/winavr-20090313/bin/../lib/gcc/avr/4.3.2/avr5\libgcc.a(_clear_bss.o)
                0x000006ea                . = ALIGN (0x2)
 *(.text.*)
 .text.libgcc   0x000006ea        0x0 c:/winavr-20090313/bin/../lib/gcc/avr/4.3.2/avr5\libgcc.a(_exit.o)
 .text.libgcc   0x000006ea        0x0 c:/winavr-20090313/bin/../lib/gcc/avr/4.3.2/avr5\libgcc.a(_copy_data.o)
 .text.libgcc   0x000006ea        0x0 c:/winavr-20090313/bin/../lib/gcc/avr/4.3.2/avr5\libgcc.a(_clear_bss.o)
                0x000006ea                . = ALIGN (0x2)
 *(.fini9)
 .fini9         0x000006ea        0x0 c:/winavr-20090313/bin/../lib/gcc/avr/4.3.2/avr5\libgcc.a(_exit.o)
                0x000006ea                exit
                0x000006ea                _exit
 *(.fini9)
 *(.fini8)
 *(.fini8)
 *(.fini7)
 *(.fini7)
 *(.fini6)
 *(.fini6)
 *(.fini5)
 *(.fini5)
 *(.fini4)
 *(.fini4)
 *(.fini3)
 *(.fini3)
 *(.fini2)
 *(.fini2)
 *(.fini1)
 *(.fini1)
 *(.fini0)
 .fini0         0x000006ea        0x4 c:/winavr-20090313/bin/../lib/gcc/avr/4.3.2/avr5\libgcc.a(_exit.o)
 *(.fini0)
                0x000006ee                _etext = .

.data           0x00800060        0x2 load address 0x000006ee
                0x00800060                PROVIDE (__data_start, .)
 *(.data)
 .data          0x00800060        0x0 c:/winavr-20090313/bin/../lib/gcc/avr/4.3.2/../../../../avr/lib/avr5/crtm16.o
 .data          0x00800060        0x1 regulator.o
                0x00800060                speed
 .data          0x00800061        0x0 styr_main.o
 .data          0x00800061        0x0 styr_specialkommando.o
 .data          0x00800061        0x0 styr_SPI.o
 .data          0x00800061        0x0 styr_tolka_data.o
 .data          0x00800061        0x0 motor_styrning.o
 .data          0x00800061        0x0 c:/winavr-20090313/bin/../lib/gcc/avr/4.3.2/avr5\libgcc.a(_exit.o)
 .data          0x00800061        0x0 c:/winavr-20090313/bin/../lib/gcc/avr/4.3.2/avr5\libgcc.a(_copy_data.o)
 .data          0x00800061        0x0 c:/winavr-20090313/bin/../lib/gcc/avr/4.3.2/avr5\libgcc.a(_clear_bss.o)
 *(.data*)
 *(.rodata)
 *(.rodata*)
 *(.gnu.linkonce.d*)
                0x00800062                . = ALIGN (0x2)
 *fill*         0x00800061        0x1 00
                0x00800062                _edata = .
                0x00800062                PROVIDE (__data_end, .)

.bss            0x00800062       0x1a
                0x00800062                PROVIDE (__bss_start, .)
 *(.bss)
 .bss           0x00800062        0x0 c:/winavr-20090313/bin/../lib/gcc/avr/4.3.2/../../../../avr/lib/avr5/crtm16.o
 .bss           0x00800062        0x6 regulator.o
                0x00800064                old_line
                0x00800066                angle
                0x00800062                old_distance_left
 .bss           0x00800068        0x2 styr_main.o
                0x00800068                a
 .bss           0x0080006a        0x0 styr_specialkommando.o
 .bss           0x0080006a        0x0 styr_SPI.o
 .bss           0x0080006a        0x0 styr_tolka_data.o
 .bss           0x0080006a        0x0 motor_styrning.o
 .bss           0x0080006a        0x0 c:/winavr-20090313/bin/../lib/gcc/avr/4.3.2/avr5\libgcc.a(_exit.o)
 .bss           0x0080006a        0x0 c:/winavr-20090313/bin/../lib/gcc/avr/4.3.2/avr5\libgcc.a(_copy_data.o)
 .bss           0x0080006a        0x0 c:/winavr-20090313/bin/../lib/gcc/avr/4.3.2/avr5\libgcc.a(_clear_bss.o)
 *(.bss*)
 *(COMMON)
 COMMON         0x0080006a        0x4 regulator.o
                0x0080006a                auto_mode
                0x0080006c                data
                0x0080006d                header
 COMMON         0x0080006e        0x1 styr_main.o
                0x0080006e                start
 COMMON         0x0080006f        0x7 styr_tolka_data.o
                0x0080006f                kommando
                0x00800070                done_with_special_command
                0x00800072                dist_right_front
                0x00800073                dist_left_back
                0x00800074                count
                0x00800075                dist_left_front
 COMMON         0x00800076        0x6 motor_styrning.o
                0x00800076                trim
                0x00800078                speed_right
                0x0080007a                speed_left
                0x0080007c                PROVIDE (__bss_end, .)
                0x000006ee                __data_load_start = LOADADDR (.data)
                0x000006f0                __data_load_end = (__data_load_start + SIZEOF (.data))

.noinit         0x0080007c        0x0
                0x0080007c                PROVIDE (__noinit_start, .)
 *(.noinit*)
                0x0080007c                PROVIDE (__noinit_end, .)
                0x0080007c                _end = .
                0x0080007c                PROVIDE (__heap_start, .)

.eeprom         0x00810000        0x0
 *(.eeprom*)
                0x00810000                __eeprom_end = .

.fuse
 *(.fuse)
 *(.lfuse)
 *(.hfuse)
 *(.efuse)

.lock
 *(.lock*)

.signature
 *(.signature*)

.stab
 *(.stab)

.stabstr
 *(.stabstr)

.stab.excl
 *(.stab.excl)

.stab.exclstr
 *(.stab.exclstr)

.stab.index
 *(.stab.index)

.stab.indexstr
 *(.stab.indexstr)

.comment
 *(.comment)

.debug
 *(.debug)

.line
 *(.line)

.debug_srcinfo
 *(.debug_srcinfo)

.debug_sfnames
 *(.debug_sfnames)

.debug_aranges  0x00000000       0xc0
 *(.debug_aranges)
 .debug_aranges
                0x00000000       0x20 regulator.o
 .debug_aranges
                0x00000020       0x20 styr_main.o
 .debug_aranges
                0x00000040       0x20 styr_specialkommando.o
 .debug_aranges
                0x00000060       0x20 styr_SPI.o
 .debug_aranges
                0x00000080       0x20 styr_tolka_data.o
 .debug_aranges
                0x000000a0       0x20 motor_styrning.o

.debug_pubnames
                0x00000000      0x3a9
 *(.debug_pubnames)
 .debug_pubnames
                0x00000000       0xa7 regulator.o
 .debug_pubnames
                0x000000a7       0x4d styr_main.o
 .debug_pubnames
                0x000000f4       0x66 styr_specialkommando.o
 .debug_pubnames
                0x0000015a       0x8c styr_SPI.o
 .debug_pubnames
                0x000001e6       0xbe styr_tolka_data.o
 .debug_pubnames
                0x000002a4      0x105 motor_styrning.o

.debug_info     0x00000000      0x927
 *(.debug_info)
 .debug_info    0x00000000      0x1e8 regulator.o
 .debug_info    0x000001e8       0xd3 styr_main.o
 .debug_info    0x000002bb      0x1d1 styr_specialkommando.o
 .debug_info    0x0000048c      0x108 styr_SPI.o
 .debug_info    0x00000594      0x125 styr_tolka_data.o
 .debug_info    0x000006b9      0x26e motor_styrning.o
 *(.gnu.linkonce.wi.*)

.debug_abbrev   0x00000000      0x2eb
 *(.debug_abbrev)
 .debug_abbrev  0x00000000       0xb2 regulator.o
 .debug_abbrev  0x000000b2       0x6a styr_main.o
 .debug_abbrev  0x0000011c       0x9b styr_specialkommando.o
 .debug_abbrev  0x000001b7       0x63 styr_SPI.o
 .debug_abbrev  0x0000021a       0x4e styr_tolka_data.o
 .debug_abbrev  0x00000268       0x83 motor_styrning.o

.debug_line     0x00000000      0xa13
 *(.debug_line)
 .debug_line    0x00000000      0x141 regulator.o
 .debug_line    0x00000141       0xee styr_main.o
 .debug_line    0x0000022f      0x1e1 styr_specialkommando.o
 .debug_line    0x00000410      0x159 styr_SPI.o
 .debug_line    0x00000569      0x1ec styr_tolka_data.o
 .debug_line    0x00000755      0x2be motor_styrning.o

.debug_frame    0x00000000      0x210
 *(.debug_frame)
 .debug_frame   0x00000000       0x40 regulator.o
 .debug_frame   0x00000040       0x20 styr_main.o
 .debug_frame   0x00000060       0x40 styr_specialkommando.o
 .debug_frame   0x000000a0       0x60 styr_SPI.o
 .debug_frame   0x00000100       0x20 styr_tolka_data.o
 .debug_frame   0x00000120       0xf0 motor_styrning.o

.debug_str      0x00000000      0x302
 *(.debug_str)
 .debug_str     0x00000000      0x105 regulator.o
                                0x17b (size before relaxing)
 .debug_str     0x00000105       0x1a styr_main.o
                                 0xbf (size before relaxing)
 .debug_str     0x0000011f       0xb4 styr_specialkommando.o
                                0x177 (size before relaxing)
 .debug_str     0x000001d3       0x48 styr_SPI.o
                                 0xf3 (size before relaxing)
 .debug_str     0x0000021b       0x40 styr_tolka_data.o
                                0x124 (size before relaxing)
 .debug_str     0x0000025b       0xa7 motor_styrning.o
                                0x158 (size before relaxing)

.debug_loc      0x00000000      0x30f
 *(.debug_loc)
 .debug_loc     0x00000000       0xe0 regulator.o
 .debug_loc     0x000000e0      0x179 styr_specialkommando.o
 .debug_loc     0x00000259       0xb6 motor_styrning.o

.debug_macinfo
 *(.debug_macinfo)
OUTPUT(Styr.elf elf32-avr)
LOAD linker stubs
