Archive member included because of file (symbol)

c:/winavr-20090313/bin/../lib/gcc/avr/4.3.2/avr5\libgcc.a(_divmodhi4.o)
                              linjeskillnad.o (__divmodhi4)
c:/winavr-20090313/bin/../lib/gcc/avr/4.3.2/avr5\libgcc.a(_exit.o)
                              c:/winavr-20090313/bin/../lib/gcc/avr/4.3.2/../../../../avr/lib/avr5/crtm16.o (exit)
c:/winavr-20090313/bin/../lib/gcc/avr/4.3.2/avr5\libgcc.a(_clear_bss.o)
                              upptack_tejp.o (__do_clear_bss)
c:/winavr-20090313/bin/../lib/gcc/avr/4.3.2/avr5\libgcc.a(_div_sf.o)
                              sensorvarde_omvandling.o (__divsf3)
c:/winavr-20090313/bin/../lib/gcc/avr/4.3.2/avr5\libgcc.a(_si_to_sf.o)
                              sensorvarde_omvandling.o (__floatsisf)
c:/winavr-20090313/bin/../lib/gcc/avr/4.3.2/avr5\libgcc.a(_sf_to_si.o)
                              sensorvarde_omvandling.o (__fixsfsi)
c:/winavr-20090313/bin/../lib/gcc/avr/4.3.2/avr5\libgcc.a(_thenan_sf.o)
                              c:/winavr-20090313/bin/../lib/gcc/avr/4.3.2/avr5\libgcc.a(_div_sf.o) (__thenan_sf)
c:/winavr-20090313/bin/../lib/gcc/avr/4.3.2/avr5\libgcc.a(_udivmodhi4.o)
                              c:/winavr-20090313/bin/../lib/gcc/avr/4.3.2/avr5\libgcc.a(_divmodhi4.o) (__udivmodhi4)
c:/winavr-20090313/bin/../lib/gcc/avr/4.3.2/avr5\libgcc.a(_prologue.o)
                              c:/winavr-20090313/bin/../lib/gcc/avr/4.3.2/avr5\libgcc.a(_div_sf.o) (__prologue_saves__)
c:/winavr-20090313/bin/../lib/gcc/avr/4.3.2/avr5\libgcc.a(_epilogue.o)
                              c:/winavr-20090313/bin/../lib/gcc/avr/4.3.2/avr5\libgcc.a(_div_sf.o) (__epilogue_restores__)
c:/winavr-20090313/bin/../lib/gcc/avr/4.3.2/avr5\libgcc.a(_copy_data.o)
                              c:/winavr-20090313/bin/../lib/gcc/avr/4.3.2/avr5\libgcc.a(_thenan_sf.o) (__do_copy_data)
c:/winavr-20090313/bin/../lib/gcc/avr/4.3.2/avr5\libgcc.a(_clzsi2.o)
                              c:/winavr-20090313/bin/../lib/gcc/avr/4.3.2/avr5\libgcc.a(_si_to_sf.o) (__clzsi2)
c:/winavr-20090313/bin/../lib/gcc/avr/4.3.2/avr5\libgcc.a(_pack_sf.o)
                              c:/winavr-20090313/bin/../lib/gcc/avr/4.3.2/avr5\libgcc.a(_div_sf.o) (__pack_f)
c:/winavr-20090313/bin/../lib/gcc/avr/4.3.2/avr5\libgcc.a(_unpack_sf.o)
                              c:/winavr-20090313/bin/../lib/gcc/avr/4.3.2/avr5\libgcc.a(_div_sf.o) (__unpack_f)
c:/winavr-20090313/bin/../lib/gcc/avr/4.3.2/avr5\libgcc.a(_clz.o)
                              c:/winavr-20090313/bin/../lib/gcc/avr/4.3.2/avr5\libgcc.a(_clzsi2.o) (__clz_tab)
c:/winavr-20090313/bin/../lib/gcc/avr/4.3.2/../../../../avr/lib/avr5\libc.a(round.o)
                              sensorvarde_omvandling.o (round)
c:/winavr-20090313/bin/../lib/gcc/avr/4.3.2/../../../../avr/lib/avr5\libc.a(fp_mintl.o)
                              c:/winavr-20090313/bin/../lib/gcc/avr/4.3.2/../../../../avr/lib/avr5\libc.a(round.o) (__fp_mintl)
c:/winavr-20090313/bin/../lib/gcc/avr/4.3.2/../../../../avr/lib/avr5\libc.a(fp_mpack.o)
                              c:/winavr-20090313/bin/../lib/gcc/avr/4.3.2/../../../../avr/lib/avr5\libc.a(round.o) (__fp_mpack)
c:/winavr-20090313/bin/../lib/gcc/avr/4.3.2/../../../../avr/lib/avr5\libc.a(fp_split3.o)
                              c:/winavr-20090313/bin/../lib/gcc/avr/4.3.2/../../../../avr/lib/avr5\libc.a(round.o) (__fp_splitA)
c:/winavr-20090313/bin/../lib/gcc/avr/4.3.2/../../../../avr/lib/avr5\libc.a(fp_zero.o)
                              c:/winavr-20090313/bin/../lib/gcc/avr/4.3.2/../../../../avr/lib/avr5\libc.a(round.o) (__fp_szero)

Allocating common symbols
Common symbol       size              file

iterations          0x2               upptack_tejp.o
count_2             0x2               upptack_tejp.o
dist_right_back     0x1               upptack_tejp.o
line_array_1        0x1               upptack_tejp.o
maze_mode           0x2               upptack_tejp.o
next_special_command
                    0x1               special.o
level               0x1               upptack_tejp.o
time1               0x2               upptack_tejp.o
dist_right_front    0x1               upptack_tejp.o
auto_mode           0x2               upptack_tejp.o
data                0x1               upptack_tejp.o
dist_left_back      0x1               upptack_tejp.o
line_array_2        0x1               upptack_tejp.o
count               0x1               upptack_tejp.o
header              0x1               upptack_tejp.o
time2               0x2               upptack_tejp.o
dist_front          0x1               upptack_tejp.o
dist_left_front     0x1               upptack_tejp.o

Memory Configuration

Name             Origin             Length             Attributes
text             0x00000000         0x00020000         xr
data             0x00800060         0x0000ffa0         rw !x
eeprom           0x00810000         0x00010000         rw !x
fuse             0x00820000         0x00000400         rw !x
lock             0x00830000         0x00000400         rw !x
signature        0x00840000         0x00000400         rw !x
*default*        0x00000000         0xffffffff

Linker script and memory map

LOAD c:/winavr-20090313/bin/../lib/gcc/avr/4.3.2/../../../../avr/lib/avr5/crtm16.o
LOAD upptack_tejp.o
LOAD avstandsskillnad.o
LOAD linjeskillnad.o
LOAD sensor.o
LOAD sensor_ad.o
LOAD sensor_init.o
LOAD sensor_spi.o
LOAD sensorvarde_omvandling.o
LOAD special.o
LOAD c:/winavr-20090313/bin/../lib/gcc/avr/4.3.2/avr5\libgcc.a
LOAD c:/winavr-20090313/bin/../lib/gcc/avr/4.3.2/../../../../avr/lib/avr5\libc.a
LOAD c:/winavr-20090313/bin/../lib/gcc/avr/4.3.2/avr5\libgcc.a

.hash
 *(.hash)

.dynsym
 *(.dynsym)

.dynstr
 *(.dynstr)

.gnu.version
 *(.gnu.version)

.gnu.version_d
 *(.gnu.version_d)

.gnu.version_r
 *(.gnu.version_r)

.rel.init
 *(.rel.init)

.rela.init
 *(.rela.init)

.rel.text
 *(.rel.text)
 *(.rel.text.*)
 *(.rel.gnu.linkonce.t*)

.rela.text
 *(.rela.text)
 *(.rela.text.*)
 *(.rela.gnu.linkonce.t*)

.rel.fini
 *(.rel.fini)

.rela.fini
 *(.rela.fini)

.rel.rodata
 *(.rel.rodata)
 *(.rel.rodata.*)
 *(.rel.gnu.linkonce.r*)

.rela.rodata
 *(.rela.rodata)
 *(.rela.rodata.*)
 *(.rela.gnu.linkonce.r*)

.rel.data
 *(.rel.data)
 *(.rel.data.*)
 *(.rel.gnu.linkonce.d*)

.rela.data
 *(.rela.data)
 *(.rela.data.*)
 *(.rela.gnu.linkonce.d*)

.rel.ctors
 *(.rel.ctors)

.rela.ctors
 *(.rela.ctors)

.rel.dtors
 *(.rel.dtors)

.rela.dtors
 *(.rela.dtors)

.rel.got
 *(.rel.got)

.rela.got
 *(.rela.got)

.rel.bss
 *(.rel.bss)

.rela.bss
 *(.rela.bss)

.rel.plt
 *(.rel.plt)

.rela.plt
 *(.rela.plt)

.text           0x00000000     0x12d0
 *(.vectors)
 .vectors       0x00000000       0x54 c:/winavr-20090313/bin/../lib/gcc/avr/4.3.2/../../../../avr/lib/avr5/crtm16.o
                0x00000000                __vectors
                0x00000000                __vector_default
 *(.vectors)
 *(.progmem.gcc*)
 *(.progmem*)
                0x00000054                . = ALIGN (0x2)
                0x00000054                __trampolines_start = .
 *(.trampolines)
 .trampolines   0x00000054        0x0 linker stubs
 *(.trampolines*)
                0x00000054                __trampolines_end = .
 *(.jumptables)
 *(.jumptables*)
 *(.lowtext)
 *(.lowtext*)
                0x00000054                __ctors_start = .
 *(.ctors)
                0x00000054                __ctors_end = .
                0x00000054                __dtors_start = .
 *(.dtors)
                0x00000054                __dtors_end = .
 SORT(*)(.ctors)
 SORT(*)(.dtors)
 *(.init0)
 .init0         0x00000054        0x0 c:/winavr-20090313/bin/../lib/gcc/avr/4.3.2/../../../../avr/lib/avr5/crtm16.o
                0x00000054                __init
 *(.init0)
 *(.init1)
 *(.init1)
 *(.init2)
 .init2         0x00000054        0xc c:/winavr-20090313/bin/../lib/gcc/avr/4.3.2/../../../../avr/lib/avr5/crtm16.o
 *(.init2)
 *(.init3)
 *(.init3)
 *(.init4)
 .init4         0x00000060       0x10 c:/winavr-20090313/bin/../lib/gcc/avr/4.3.2/avr5\libgcc.a(_clear_bss.o)
                0x00000060                __do_clear_bss
 .init4         0x00000070       0x16 c:/winavr-20090313/bin/../lib/gcc/avr/4.3.2/avr5\libgcc.a(_copy_data.o)
                0x00000070                __do_copy_data
 *(.init4)
 *(.init5)
 *(.init5)
 *(.init6)
 *(.init6)
 *(.init7)
 *(.init7)
 *(.init8)
 *(.init8)
 *(.init9)
 .init9         0x00000086        0x8 c:/winavr-20090313/bin/../lib/gcc/avr/4.3.2/../../../../avr/lib/avr5/crtm16.o
 *(.init9)
 *(.text)
 .text          0x0000008e        0x4 c:/winavr-20090313/bin/../lib/gcc/avr/4.3.2/../../../../avr/lib/avr5/crtm16.o
                0x0000008e                __vector_12
                0x0000008e                __bad_interrupt
                0x0000008e                __vector_6
                0x0000008e                __vector_3
                0x0000008e                __vector_11
                0x0000008e                __vector_13
                0x0000008e                __vector_17
                0x0000008e                __vector_19
                0x0000008e                __vector_5
                0x0000008e                __vector_4
                0x0000008e                __vector_9
                0x0000008e                __vector_2
                0x0000008e                __vector_15
                0x0000008e                __vector_16
                0x0000008e                __vector_18
                0x0000008e                __vector_20
 .text          0x00000092      0x110 upptack_tejp.o
                0x00000156                decide_maze_mode
                0x000000a4                markning
                0x00000092                find_ones
 .text          0x000001a2       0x1e avstandsskillnad.o
                0x000001a2                calculate_distance_diff
 .text          0x000001c0       0xfc linjeskillnad.o
                0x0000021a                calculate_diff
                0x000001c0                find_index
 .text          0x000002bc       0x50 sensor.o
                0x000002bc                main
 .text          0x0000030c      0x392 sensor_ad.o
                0x00000352                create_line_array
                0x000003ac                control_mux
                0x00000398                truncate
                0x000004b4                start_next_ad
                0x00000326                __vector_7
                0x0000030c                __vector_8
                0x00000656                __vector_14
 .text          0x0000069e       0x46 sensor_init.o
                0x000006c6                spi_init
                0x0000069e                ad_init
 .text          0x000006e4       0xbc sensor_spi.o
                0x00000746                __vector_1
                0x000006e4                req_sending
                0x00000780                decide_mode
                0x000006f2                __vector_10
                0x00000734                tolka_data
 .text          0x000007a0      0x30a sensorvarde_omvandling.o
                0x0000095c                hogeromvandling_back
                0x00000a16                hogeromvandling_front
                0x00000834                vansteromvandling_back
                0x000007a0                framomvandling
                0x000008c8                vansteromvandling_front
 .text          0x00000aaa       0x8e special.o
                0x00000aaa                set_next_special_command
                0x00000ae4                search_for_crossroad
                0x00000ab6                generate_special_command
                0x00000b22                send_special_command
                0x00000ab0                get_next_special_command
 .text          0x00000b38        0x0 c:/winavr-20090313/bin/../lib/gcc/avr/4.3.2/avr5\libgcc.a(_divmodhi4.o)
 .text          0x00000b38        0x0 c:/winavr-20090313/bin/../lib/gcc/avr/4.3.2/avr5\libgcc.a(_exit.o)
 .text          0x00000b38        0x0 c:/winavr-20090313/bin/../lib/gcc/avr/4.3.2/avr5\libgcc.a(_clear_bss.o)
 .text          0x00000b38      0x158 c:/winavr-20090313/bin/../lib/gcc/avr/4.3.2/avr5\libgcc.a(_div_sf.o)
                0x00000b38                __divsf3
 .text          0x00000c90       0xbc c:/winavr-20090313/bin/../lib/gcc/avr/4.3.2/avr5\libgcc.a(_si_to_sf.o)
                0x00000c90                __floatsisf
 .text          0x00000d4c       0xa8 c:/winavr-20090313/bin/../lib/gcc/avr/4.3.2/avr5\libgcc.a(_sf_to_si.o)
                0x00000d4c                __fixsfsi
 .text          0x00000df4        0x0 c:/winavr-20090313/bin/../lib/gcc/avr/4.3.2/avr5\libgcc.a(_thenan_sf.o)
 .text          0x00000df4        0x0 c:/winavr-20090313/bin/../lib/gcc/avr/4.3.2/avr5\libgcc.a(_udivmodhi4.o)
 .text          0x00000df4        0x0 c:/winavr-20090313/bin/../lib/gcc/avr/4.3.2/avr5\libgcc.a(_prologue.o)
 .text          0x00000df4        0x0 c:/winavr-20090313/bin/../lib/gcc/avr/4.3.2/avr5\libgcc.a(_epilogue.o)
 .text          0x00000df4        0x0 c:/winavr-20090313/bin/../lib/gcc/avr/4.3.2/avr5\libgcc.a(_copy_data.o)
 .text          0x00000df4       0x9e c:/winavr-20090313/bin/../lib/gcc/avr/4.3.2/avr5\libgcc.a(_clzsi2.o)
                0x00000df4                __clzsi2
 .text          0x00000e92      0x1aa c:/winavr-20090313/bin/../lib/gcc/avr/4.3.2/avr5\libgcc.a(_pack_sf.o)
                0x00000e92                __pack_f
 .text          0x0000103c       0xf0 c:/winavr-20090313/bin/../lib/gcc/avr/4.3.2/avr5\libgcc.a(_unpack_sf.o)
                0x0000103c                __unpack_f
 .text          0x0000112c        0x0 c:/winavr-20090313/bin/../lib/gcc/avr/4.3.2/avr5\libgcc.a(_clz.o)
 .text          0x0000112c        0x0 c:/winavr-20090313/bin/../lib/gcc/avr/4.3.2/../../../../avr/lib/avr5\libc.a(round.o)
 .text          0x0000112c        0x0 c:/winavr-20090313/bin/../lib/gcc/avr/4.3.2/../../../../avr/lib/avr5\libc.a(fp_mintl.o)
 .text          0x0000112c        0x0 c:/winavr-20090313/bin/../lib/gcc/avr/4.3.2/../../../../avr/lib/avr5\libc.a(fp_mpack.o)
 .text          0x0000112c        0x0 c:/winavr-20090313/bin/../lib/gcc/avr/4.3.2/../../../../avr/lib/avr5\libc.a(fp_split3.o)
 .text          0x0000112c        0x0 c:/winavr-20090313/bin/../lib/gcc/avr/4.3.2/../../../../avr/lib/avr5\libc.a(fp_zero.o)
                0x0000112c                . = ALIGN (0x2)
 *(.text.*)
 .text.libgcc   0x0000112c       0x26 c:/winavr-20090313/bin/../lib/gcc/avr/4.3.2/avr5\libgcc.a(_divmodhi4.o)
                0x0000112c                __divmodhi4
                0x0000112c                _div
 .text.libgcc   0x00001152        0x0 c:/winavr-20090313/bin/../lib/gcc/avr/4.3.2/avr5\libgcc.a(_exit.o)
 .text.libgcc   0x00001152        0x0 c:/winavr-20090313/bin/../lib/gcc/avr/4.3.2/avr5\libgcc.a(_clear_bss.o)
 .text.libgcc   0x00001152       0x28 c:/winavr-20090313/bin/../lib/gcc/avr/4.3.2/avr5\libgcc.a(_udivmodhi4.o)
                0x00001152                __udivmodhi4
 .text.libgcc   0x0000117a       0x38 c:/winavr-20090313/bin/../lib/gcc/avr/4.3.2/avr5\libgcc.a(_prologue.o)
                0x0000117a                __prologue_saves__
 .text.libgcc   0x000011b2       0x36 c:/winavr-20090313/bin/../lib/gcc/avr/4.3.2/avr5\libgcc.a(_epilogue.o)
                0x000011b2                __epilogue_restores__
 .text.libgcc   0x000011e8        0x0 c:/winavr-20090313/bin/../lib/gcc/avr/4.3.2/avr5\libgcc.a(_copy_data.o)
 .text.fplib    0x000011e8       0x40 c:/winavr-20090313/bin/../lib/gcc/avr/4.3.2/../../../../avr/lib/avr5\libc.a(round.o)
                0x000011e8                round
 .text.fplib    0x00001228       0x36 c:/winavr-20090313/bin/../lib/gcc/avr/4.3.2/../../../../avr/lib/avr5\libc.a(fp_mintl.o)
                0x00001228                __fp_mintl
 .text.fplib    0x0000125e       0x1c c:/winavr-20090313/bin/../lib/gcc/avr/4.3.2/../../../../avr/lib/avr5\libc.a(fp_mpack.o)
                0x00001262                __fp_mpack_finite
                0x0000125e                __fp_mpack
 .text.fplib    0x0000127a       0x44 c:/winavr-20090313/bin/../lib/gcc/avr/4.3.2/../../../../avr/lib/avr5\libc.a(fp_split3.o)
                0x0000127a                __fp_split3
                0x0000128a                __fp_splitA
 .text.fplib    0x000012be        0xe c:/winavr-20090313/bin/../lib/gcc/avr/4.3.2/../../../../avr/lib/avr5\libc.a(fp_zero.o)
                0x000012be                __fp_zero
                0x000012c0                __fp_szero
                0x000012cc                . = ALIGN (0x2)
 *(.fini9)
 .fini9         0x000012cc        0x0 c:/winavr-20090313/bin/../lib/gcc/avr/4.3.2/avr5\libgcc.a(_exit.o)
                0x000012cc                exit
                0x000012cc                _exit
 *(.fini9)
 *(.fini8)
 *(.fini8)
 *(.fini7)
 *(.fini7)
 *(.fini6)
 *(.fini6)
 *(.fini5)
 *(.fini5)
 *(.fini4)
 *(.fini4)
 *(.fini3)
 *(.fini3)
 *(.fini2)
 *(.fini2)
 *(.fini1)
 *(.fini1)
 *(.fini0)
 .fini0         0x000012cc        0x4 c:/winavr-20090313/bin/../lib/gcc/avr/4.3.2/avr5\libgcc.a(_exit.o)
 *(.fini0)
                0x000012d0                _etext = .

.data           0x00800060      0x108 load address 0x000012d0
                0x00800060                PROVIDE (__data_start, .)
 *(.data)
 .data          0x00800060        0x0 c:/winavr-20090313/bin/../lib/gcc/avr/4.3.2/../../../../avr/lib/avr5/crtm16.o
 .data          0x00800060        0x0 upptack_tejp.o
 .data          0x00800060        0x0 avstandsskillnad.o
 .data          0x00800060        0x0 linjeskillnad.o
 .data          0x00800060        0x0 sensor.o
 .data          0x00800060        0x0 sensor_ad.o
 .data          0x00800060        0x0 sensor_init.o
 .data          0x00800060        0x0 sensor_spi.o
 .data          0x00800060        0x0 sensorvarde_omvandling.o
 .data          0x00800060        0x0 special.o
 .data          0x00800060        0x0 c:/winavr-20090313/bin/../lib/gcc/avr/4.3.2/avr5\libgcc.a(_divmodhi4.o)
 .data          0x00800060        0x0 c:/winavr-20090313/bin/../lib/gcc/avr/4.3.2/avr5\libgcc.a(_exit.o)
 .data          0x00800060        0x0 c:/winavr-20090313/bin/../lib/gcc/avr/4.3.2/avr5\libgcc.a(_clear_bss.o)
 .data          0x00800060        0x0 c:/winavr-20090313/bin/../lib/gcc/avr/4.3.2/avr5\libgcc.a(_div_sf.o)
 .data          0x00800060        0x0 c:/winavr-20090313/bin/../lib/gcc/avr/4.3.2/avr5\libgcc.a(_si_to_sf.o)
 .data          0x00800060        0x0 c:/winavr-20090313/bin/../lib/gcc/avr/4.3.2/avr5\libgcc.a(_sf_to_si.o)
 .data          0x00800060        0x8 c:/winavr-20090313/bin/../lib/gcc/avr/4.3.2/avr5\libgcc.a(_thenan_sf.o)
                0x00800060                __thenan_sf
 .data          0x00800068        0x0 c:/winavr-20090313/bin/../lib/gcc/avr/4.3.2/avr5\libgcc.a(_udivmodhi4.o)
 .data          0x00800068        0x0 c:/winavr-20090313/bin/../lib/gcc/avr/4.3.2/avr5\libgcc.a(_prologue.o)
 .data          0x00800068        0x0 c:/winavr-20090313/bin/../lib/gcc/avr/4.3.2/avr5\libgcc.a(_epilogue.o)
 .data          0x00800068        0x0 c:/winavr-20090313/bin/../lib/gcc/avr/4.3.2/avr5\libgcc.a(_copy_data.o)
 .data          0x00800068        0x0 c:/winavr-20090313/bin/../lib/gcc/avr/4.3.2/avr5\libgcc.a(_clzsi2.o)
 .data          0x00800068        0x0 c:/winavr-20090313/bin/../lib/gcc/avr/4.3.2/avr5\libgcc.a(_pack_sf.o)
 .data          0x00800068        0x0 c:/winavr-20090313/bin/../lib/gcc/avr/4.3.2/avr5\libgcc.a(_unpack_sf.o)
 .data          0x00800068      0x100 c:/winavr-20090313/bin/../lib/gcc/avr/4.3.2/avr5\libgcc.a(_clz.o)
                0x00800068                __clz_tab
 .data          0x00800168        0x0 c:/winavr-20090313/bin/../lib/gcc/avr/4.3.2/../../../../avr/lib/avr5\libc.a(round.o)
 .data          0x00800168        0x0 c:/winavr-20090313/bin/../lib/gcc/avr/4.3.2/../../../../avr/lib/avr5\libc.a(fp_mintl.o)
 .data          0x00800168        0x0 c:/winavr-20090313/bin/../lib/gcc/avr/4.3.2/../../../../avr/lib/avr5\libc.a(fp_mpack.o)
 .data          0x00800168        0x0 c:/winavr-20090313/bin/../lib/gcc/avr/4.3.2/../../../../avr/lib/avr5\libc.a(fp_split3.o)
 .data          0x00800168        0x0 c:/winavr-20090313/bin/../lib/gcc/avr/4.3.2/../../../../avr/lib/avr5\libc.a(fp_zero.o)
 *(.data*)
 *(.rodata)
 *(.rodata*)
 *(.gnu.linkonce.d*)
                0x00800168                . = ALIGN (0x2)
                0x00800168                _edata = .
                0x00800168                PROVIDE (__data_end, .)

.bss            0x00800168       0x1a
                0x00800168                PROVIDE (__bss_start, .)
 *(.bss)
 .bss           0x00800168        0x0 c:/winavr-20090313/bin/../lib/gcc/avr/4.3.2/../../../../avr/lib/avr5/crtm16.o
 .bss           0x00800168        0x0 upptack_tejp.o
 .bss           0x00800168        0x0 avstandsskillnad.o
 .bss           0x00800168        0x0 linjeskillnad.o
 .bss           0x00800168        0x2 sensor.o
                0x00800168                a
 .bss           0x0080016a        0x0 sensor_ad.o
 .bss           0x0080016a        0x0 sensor_init.o
 .bss           0x0080016a        0x0 sensor_spi.o
 .bss           0x0080016a        0x0 sensorvarde_omvandling.o
 .bss           0x0080016a        0x0 special.o
 .bss           0x0080016a        0x0 c:/winavr-20090313/bin/../lib/gcc/avr/4.3.2/avr5\libgcc.a(_divmodhi4.o)
 .bss           0x0080016a        0x0 c:/winavr-20090313/bin/../lib/gcc/avr/4.3.2/avr5\libgcc.a(_exit.o)
 .bss           0x0080016a        0x0 c:/winavr-20090313/bin/../lib/gcc/avr/4.3.2/avr5\libgcc.a(_clear_bss.o)
 .bss           0x0080016a        0x0 c:/winavr-20090313/bin/../lib/gcc/avr/4.3.2/avr5\libgcc.a(_div_sf.o)
 .bss           0x0080016a        0x0 c:/winavr-20090313/bin/../lib/gcc/avr/4.3.2/avr5\libgcc.a(_si_to_sf.o)
 .bss           0x0080016a        0x0 c:/winavr-20090313/bin/../lib/gcc/avr/4.3.2/avr5\libgcc.a(_sf_to_si.o)
 .bss           0x0080016a        0x0 c:/winavr-20090313/bin/../lib/gcc/avr/4.3.2/avr5\libgcc.a(_thenan_sf.o)
 .bss           0x0080016a        0x0 c:/winavr-20090313/bin/../lib/gcc/avr/4.3.2/avr5\libgcc.a(_udivmodhi4.o)
 .bss           0x0080016a        0x0 c:/winavr-20090313/bin/../lib/gcc/avr/4.3.2/avr5\libgcc.a(_prologue.o)
 .bss           0x0080016a        0x0 c:/winavr-20090313/bin/../lib/gcc/avr/4.3.2/avr5\libgcc.a(_epilogue.o)
 .bss           0x0080016a        0x0 c:/winavr-20090313/bin/../lib/gcc/avr/4.3.2/avr5\libgcc.a(_copy_data.o)
 .bss           0x0080016a        0x0 c:/winavr-20090313/bin/../lib/gcc/avr/4.3.2/avr5\libgcc.a(_clzsi2.o)
 .bss           0x0080016a        0x0 c:/winavr-20090313/bin/../lib/gcc/avr/4.3.2/avr5\libgcc.a(_pack_sf.o)
 .bss           0x0080016a        0x0 c:/winavr-20090313/bin/../lib/gcc/avr/4.3.2/avr5\libgcc.a(_unpack_sf.o)
 .bss           0x0080016a        0x0 c:/winavr-20090313/bin/../lib/gcc/avr/4.3.2/avr5\libgcc.a(_clz.o)
 .bss           0x0080016a        0x0 c:/winavr-20090313/bin/../lib/gcc/avr/4.3.2/../../../../avr/lib/avr5\libc.a(round.o)
 .bss           0x0080016a        0x0 c:/winavr-20090313/bin/../lib/gcc/avr/4.3.2/../../../../avr/lib/avr5\libc.a(fp_mintl.o)
 .bss           0x0080016a        0x0 c:/winavr-20090313/bin/../lib/gcc/avr/4.3.2/../../../../avr/lib/avr5\libc.a(fp_mpack.o)
 .bss           0x0080016a        0x0 c:/winavr-20090313/bin/../lib/gcc/avr/4.3.2/../../../../avr/lib/avr5\libc.a(fp_split3.o)
 .bss           0x0080016a        0x0 c:/winavr-20090313/bin/../lib/gcc/avr/4.3.2/../../../../avr/lib/avr5\libc.a(fp_zero.o)
 *(.bss*)
 *(COMMON)
 COMMON         0x0080016a       0x17 upptack_tejp.o
                0x0080016a                iterations
                0x0080016c                count_2
                0x0080016e                dist_right_back
                0x0080016f                line_array_1
                0x00800170                maze_mode
                0x00800172                level
                0x00800173                time1
                0x00800175                dist_right_front
                0x00800176                auto_mode
                0x00800178                data
                0x00800179                dist_left_back
                0x0080017a                line_array_2
                0x0080017b                count
                0x0080017c                header
                0x0080017d                time2
                0x0080017f                dist_front
                0x00800180                dist_left_front
 COMMON         0x00800181        0x1 special.o
                0x00800181                next_special_command
                0x00800182                PROVIDE (__bss_end, .)
                0x000012d0                __data_load_start = LOADADDR (.data)
                0x000013d8                __data_load_end = (__data_load_start + SIZEOF (.data))

.noinit         0x00800182        0x0
                0x00800182                PROVIDE (__noinit_start, .)
 *(.noinit*)
                0x00800182                PROVIDE (__noinit_end, .)
                0x00800182                _end = .
                0x00800182                PROVIDE (__heap_start, .)

.eeprom         0x00810000        0x0
 *(.eeprom*)
                0x00810000                __eeprom_end = .

.fuse
 *(.fuse)
 *(.lfuse)
 *(.hfuse)
 *(.efuse)

.lock
 *(.lock*)

.signature
 *(.signature*)

.stab
 *(.stab)

.stabstr
 *(.stabstr)

.stab.excl
 *(.stab.excl)

.stab.exclstr
 *(.stab.exclstr)

.stab.index
 *(.stab.index)

.stab.indexstr
 *(.stab.indexstr)

.comment
 *(.comment)

.debug
 *(.debug)

.line
 *(.line)

.debug_srcinfo
 *(.debug_srcinfo)

.debug_sfnames
 *(.debug_sfnames)

.debug_aranges  0x00000000      0x120
 *(.debug_aranges)
 .debug_aranges
                0x00000000       0x20 upptack_tejp.o
 .debug_aranges
                0x00000020       0x20 avstandsskillnad.o
 .debug_aranges
                0x00000040       0x20 linjeskillnad.o
 .debug_aranges
                0x00000060       0x20 sensor.o
 .debug_aranges
                0x00000080       0x20 sensor_ad.o
 .debug_aranges
                0x000000a0       0x20 sensor_init.o
 .debug_aranges
                0x000000c0       0x20 sensor_spi.o
 .debug_aranges
                0x000000e0       0x20 sensorvarde_omvandling.o
 .debug_aranges
                0x00000100       0x20 special.o

.debug_pubnames
                0x00000000      0x7eb
 *(.debug_pubnames)
 .debug_pubnames
                0x00000000      0x136 upptack_tejp.o
 .debug_pubnames
                0x00000136       0x2e avstandsskillnad.o
 .debug_pubnames
                0x00000164       0x56 linjeskillnad.o
 .debug_pubnames
                0x000001ba       0xe6 sensor.o
 .debug_pubnames
                0x000002a0      0x14a sensor_ad.o
 .debug_pubnames
                0x000003ea       0xf0 sensor_init.o
 .debug_pubnames
                0x000004da      0x117 sensor_spi.o
 .debug_pubnames
                0x000005f1       0x8f sensorvarde_omvandling.o
 .debug_pubnames
                0x00000680      0x16b special.o

.debug_info     0x00000000      0xef6
 *(.debug_info)
 .debug_info    0x00000000      0x210 upptack_tejp.o
 .debug_info    0x00000210       0xb3 avstandsskillnad.o
 .debug_info    0x000002c3      0x160 linjeskillnad.o
 .debug_info    0x00000423      0x175 sensor.o
 .debug_info    0x00000598      0x24f sensor_ad.o
 .debug_info    0x000007e7      0x16e sensor_init.o
 .debug_info    0x00000955      0x1cf sensor_spi.o
 .debug_info    0x00000b24      0x188 sensorvarde_omvandling.o
 .debug_info    0x00000cac      0x24a special.o
 *(.gnu.linkonce.wi.*)

.debug_abbrev   0x00000000      0x522
 *(.debug_abbrev)
 .debug_abbrev  0x00000000       0x7a upptack_tejp.o
 .debug_abbrev  0x0000007a       0x77 avstandsskillnad.o
 .debug_abbrev  0x000000f1       0x97 linjeskillnad.o
 .debug_abbrev  0x00000188       0x6a sensor.o
 .debug_abbrev  0x000001f2      0x10e sensor_ad.o
 .debug_abbrev  0x00000300       0x4e sensor_init.o
 .debug_abbrev  0x0000034e       0x92 sensor_spi.o
 .debug_abbrev  0x000003e0       0x78 sensorvarde_omvandling.o
 .debug_abbrev  0x00000458       0xca special.o

.debug_line     0x00000000      0xc79
 *(.debug_line)
 .debug_line    0x00000000      0x15f upptack_tejp.o
 .debug_line    0x0000015f       0x8a avstandsskillnad.o
 .debug_line    0x000001e9      0x10b linjeskillnad.o
 .debug_line    0x000002f4       0xd1 sensor.o
 .debug_line    0x000003c5      0x375 sensor_ad.o
 .debug_line    0x0000073a      0x108 sensor_init.o
 .debug_line    0x00000842      0x163 sensor_spi.o
 .debug_line    0x000009a5      0x1e0 sensorvarde_omvandling.o
 .debug_line    0x00000b85       0xf4 special.o

.debug_frame    0x00000000      0x280
 *(.debug_frame)
 .debug_frame   0x00000000       0x40 upptack_tejp.o
 .debug_frame   0x00000040       0x20 avstandsskillnad.o
 .debug_frame   0x00000060       0x30 linjeskillnad.o
 .debug_frame   0x00000090       0x20 sensor.o
 .debug_frame   0x000000b0       0x80 sensor_ad.o
 .debug_frame   0x00000130       0x30 sensor_init.o
 .debug_frame   0x00000160       0x60 sensor_spi.o
 .debug_frame   0x000001c0       0x60 sensorvarde_omvandling.o
 .debug_frame   0x00000220       0x60 special.o

.debug_str      0x00000000      0x41a
 *(.debug_str)
 .debug_str     0x00000000      0x146 upptack_tejp.o
                                0x18f (size before relaxing)
 .debug_str     0x00000146       0x4b avstandsskillnad.o
                                 0xe6 (size before relaxing)
 .debug_str     0x00000191       0x58 linjeskillnad.o
                                0x110 (size before relaxing)
 .debug_str     0x000001e9       0x11 sensor.o
                                0x133 (size before relaxing)
 .debug_str     0x000001fa       0x8c sensor_ad.o
                                0x1ae (size before relaxing)
 .debug_str     0x00000286       0x22 sensor_init.o
                                0x144 (size before relaxing)
 .debug_str     0x000002a8       0x4a sensor_spi.o
                                0x162 (size before relaxing)
 .debug_str     0x000002f2       0x99 sensorvarde_omvandling.o
                                0x12f (size before relaxing)
 .debug_str     0x0000038b       0x8f special.o
                                0x1d9 (size before relaxing)

.debug_loc      0x00000000      0x506
 *(.debug_loc)
 .debug_loc     0x00000000       0x63 upptack_tejp.o
 .debug_loc     0x00000063       0x46 avstandsskillnad.o
 .debug_loc     0x000000a9       0xe0 linjeskillnad.o
 .debug_loc     0x00000189       0x90 sensor_ad.o
 .debug_loc     0x00000219      0x290 sensorvarde_omvandling.o
 .debug_loc     0x000004a9       0x5d special.o

.debug_macinfo
 *(.debug_macinfo)
OUTPUT(Sensor.elf elf32-avr)
LOAD linker stubs
